exports[`UnClickableButton renders correctly 1`] = `
<View
  style={undefined}>
  <Text
    accessible={true}
    allowFontScaling={true}
    ellipsizeMode="tail">
    test
  </Text>
</View>
`;
