exports[`test renders correctly 1`] = `
<View
  style={
    Array [
      Object {
        "flex": 1,
        "overflow": "hidden",
      },
      undefined,
    ]
  }>
  <View
    onMoveShouldSetResponder={[Function]}
    onMoveShouldSetResponderCapture={[Function]}
    onResponderEnd={[Function]}
    onResponderGrant={[Function]}
    onResponderMove={[Function]}
    onResponderReject={[Function]}
    onResponderRelease={[Function]}
    onResponderStart={[Function]}
    onResponderTerminate={[Function]}
    onResponderTerminationRequest={[Function]}
    onStartShouldSetResponder={[Function]}
    onStartShouldSetResponderCapture={[Function]}
    onTouchStart={[Function]}
    style={
      Object {
        "backgroundColor": "transparent",
        "flex": 1,
        "overflow": "hidden",
      }
    }>
    <View
      onStartShouldSetResponderCapture={[Function]}
      pointerEvents="auto"
      style={
        Array [
          Object {
            "bottom": 0,
            "left": 0,
            "overflow": "hidden",
            "position": "absolute",
            "right": 0,
            "top": 0,
          },
          Object {
            "bottom": 0,
            "left": 0,
            "position": "absolute",
            "right": 0,
            "top": 0,
            "transform": Array [
              Object {
                "translateX": 0,
              },
              Object {
                "translateY": 0,
              },
              Object {
                "scaleX": 1,
              },
              Object {
                "scaleY": 1,
              },
              Object {
                "rotate": "0deg",
              },
              Object {
                "skewX": "0deg",
              },
              Object {
                "skewY": "0deg",
              },
            ],
          },
          null,
        ]
      }>
      <View
        style={
          Object {
            "alignItems": "center",
            "backgroundColor": "#F5FCFF",
            "flex": 1,
            "justifyContent": "center",
          }
        }>
        <Text
          accessible={true}
          allowFontScaling={true}
          ellipsizeMode="tail"
          style={
            Object {
              "fontSize": 48,
              "fontWeight": "bold",
              "textAlign": "center",
            }
          }>
          1 to 50
        </Text>
        <View
          accessibilityComponentType="button"
          accessibilityLabel="Let\'s Start!"
          accessibilityTraits={
            Array [
              "button",
            ]
          }
          accessible={true}
          hitSlop={undefined}
          onLayout={undefined}
          onResponderGrant={[Function]}
          onResponderMove={[Function]}
          onResponderRelease={[Function]}
          onResponderTerminate={[Function]}
          onResponderTerminationRequest={[Function]}
          onStartShouldSetResponder={[Function]}
          style={
            Object {
              "opacity": 1,
            }
          }
          testID={undefined}>
          <View
            style={
              Array [
                Object {},
              ]
            }>
            <Text
              accessible={true}
              allowFontScaling={true}
              ellipsizeMode="tail"
              style={
                Array [
                  Object {
                    "color": "#0C42FD",
                    "fontSize": 18,
                    "padding": 8,
                    "textAlign": "center",
                  },
                  Object {
                    "color": "#841584",
                  },
                ]
              }>
              Let\'s Start!
            </Text>
          </View>
        </View>
      </View>
    </View>
  </View>
</View>
`;
